:3000/:1  GET http://localhost:3000/ 500 (Internal Server Error)
main.js:1486 Download the React DevTools for a better development experience: https://react.dev/link/react-devtools
index.js:646 Uncaught Error: Module not found: Can't resolve '../components/admin/AdminSidebar'
  4 | import { useRouter } from 'next/navigation';
  5 | import { useEffect } from 'react';
> 6 | import AdminSidebar from '../components/admin/AdminSidebar';
    | ^
  7 | import AdminHeader from '../components/admin/AdminHeader';
  8 |
  9 | export default function AdminLayout({ children }: { children: React.ReactNode }) {

https://nextjs.org/docs/messages/module-not-found

    at <unknown> (https://nextjs.org/docs/messages/module-not-found)
    at getNotFoundError (file:///Users/jongchoonna/Documents/antigravity/nkgc/node_modules/next/dist/build/webpack/plugins/wellknown-errors-plugin/parseNotFoundError.js:140:16)
    at process.processTicksAndRejections (node:internal/process/task_queues:105:5)
    at async getModuleBuildError (file:///Users/jongchoonna/Documents/antigravity/nkgc/node_modules/next/dist/build/webpack/plugins/wellknown-errors-plugin/webpackModuleError.js:103:27)
    at async (file:///Users/jongchoonna/Documents/antigravity/nkgc/node_modules/next/dist/build/webpack/plugins/wellknown-errors-plugin/index.js:29:49)
    at async (file:///Users/jongchoonna/Documents/antigravity/nkgc/node_modules/next/dist/build/webpack/plugins/wellknown-errors-plugin/index.js:27:21)
getServerError @ node-stack-frames.js:41
eval @ index.js:646
setTimeout
hydrate @ index.js:624
await in hydrate
pageBootstrap @ page-bootstrap.js:28
eval @ next-dev.js:24
Promise.then
eval @ next-dev.js:22
(pages-dir-browser)/./node_modules/next/dist/client/next-dev.js @ main.js:303
(anonymous) @ webpack.js:1
__webpack_require__ @ webpack.js:1
__webpack_exec__ @ main.js:1601
(anonymous) @ main.js:1602
(anonymous) @ webpack.js:1
(anonymous) @ main.js:9
websocket.js:46 [HMR] connected
pages-dev-overlay-setup.js:77 ./app/admin/AdminLayout.tsx:6:1
Module not found: Can't resolve '../components/admin/AdminSidebar'
  4 | import { useRouter } from 'next/navigation';
  5 | import { useEffect } from 'react';
> 6 | import AdminSidebar from '../components/admin/AdminSidebar';
    | ^
  7 | import AdminHeader from '../components/admin/AdminHeader';
  8 |
  9 | export default function AdminLayout({ children }: { children: React.ReactNode }) {

https://nextjs.org/docs/messages/module-not-found
nextJsHandleConsoleError @ pages-dev-overlay-setup.js:77
handleErrors @ hot-reloader-pages.js:164
processMessage @ hot-reloader-pages.js:228
eval @ hot-reloader-pages.js:72
handleMessage @ websocket.js:69
pages-dev-overlay-setup.js:77 ./app/admin/AdminLayout.tsx:7:1
Module not found: Can't resolve '../components/admin/AdminHeader'
   5 | import { useEffect } from 'react';
   6 | import AdminSidebar from '../components/admin/AdminSidebar';
>  7 | import AdminHeader from '../components/admin/AdminHeader';
     | ^
   8 |
   9 | export default function AdminLayout({ children }: { children: React.ReactNode }) {
  10 |     const { data: session, status } = useSession();

https://nextjs.org/docs/messages/module-not-found
nextJsHandleConsoleError @ pages-dev-overlay-setup.js:77
handleErrors @ hot-reloader-pages.js:164
processMessage @ hot-reloader-pages.js:228
eval @ hot-reloader-pages.js:72
handleMessage @ websocket.js:69
pages-dev-overlay-setup.js:77 ./app/admin/page.tsx:6:1
Module not found: Can't resolve '../components/admin/StatCard'
  4 | import { useRouter } from 'next/navigation';
  5 | import { useSession } from 'next-auth/react';
> 6 | import StatCard from '../components/admin/StatCard';
    | ^
  7 | import Link from 'next/link';
  8 |
  9 | interface DashboardStats {

https://nextjs.org/docs/messages/module-not-found
nextJsHandleConsoleError @ pages-dev-overlay-setup.js:77
handleErrors @ hot-reloader-pages.js:164
processMessage @ hot-reloader-pages.js:228
eval @ hot-reloader-pages.js:72
handleMessage @ websocket.js:69
pages-dev-overlay-setup.js:77 ./app/layout.tsx:4:1
Module not found: Can't resolve './components/layout/Header'
  2 | import { Noto_Sans_KR } from 'next/font/google'
  3 | import './globals.css'
> 4 | import Header from './components/layout/Header'
    | ^
  5 | import Footer from './components/layout/Footer'
  6 | import ScrollToTop from './components/common/ScrollToTop'
  7 | import PopupOverlay from './components/common/PopupOverlay'

https://nextjs.org/docs/messages/module-not-found
nextJsHandleConsoleError @ pages-dev-overlay-setup.js:77
handleErrors @ hot-reloader-pages.js:164
processMessage @ hot-reloader-pages.js:228
eval @ hot-reloader-pages.js:72
handleMessage @ websocket.js:69
pages-dev-overlay-setup.js:77 ./app/layout.tsx:5:1
Module not found: Can't resolve './components/layout/Footer'
  3 | import './globals.css'
  4 | import Header from './components/layout/Header'
> 5 | import Footer from './components/layout/Footer'
    | ^
  6 | import ScrollToTop from './components/common/ScrollToTop'
  7 | import PopupOverlay from './components/common/PopupOverlay'
  8 |

https://nextjs.org/docs/messages/module-not-found
nextJsHandleConsoleError @ pages-dev-overlay-setup.js:77
handleErrors @ hot-reloader-pages.js:164
processMessage @ hot-reloader-pages.js:228
eval @ hot-reloader-pages.js:72
handleMessage @ websocket.js:69
pages-dev-overlay-setup.js:77 ./app/layout.tsx:6:1
Module not found: Can't resolve './components/common/ScrollToTop'
  4 | import Header from './components/layout/Header'
  5 | import Footer from './components/layout/Footer'
> 6 | import ScrollToTop from './components/common/ScrollToTop'
    | ^
  7 | import PopupOverlay from './components/common/PopupOverlay'
  8 |
  9 | const notoSansKr = Noto_Sans_KR({

https://nextjs.org/docs/messages/module-not-found
nextJsHandleConsoleError @ pages-dev-overlay-setup.js:77
handleErrors @ hot-reloader-pages.js:164
processMessage @ hot-reloader-pages.js:228
eval @ hot-reloader-pages.js:72
handleMessage @ websocket.js:69
pages-dev-overlay-setup.js:77 ./app/layout.tsx:7:1
Module not found: Can't resolve './components/common/PopupOverlay'
   5 | import Footer from './components/layout/Footer'
   6 | import ScrollToTop from './components/common/ScrollToTop'
>  7 | import PopupOverlay from './components/common/PopupOverlay'
     | ^
   8 |
   9 | const notoSansKr = Noto_Sans_KR({
  10 |     subsets: ['latin'],

https://nextjs.org/docs/messages/module-not-found
nextJsHandleConsoleError @ pages-dev-overlay-setup.js:77
handleErrors @ hot-reloader-pages.js:164
processMessage @ hot-reloader-pages.js:228
eval @ hot-reloader-pages.js:72
handleMessage @ websocket.js:69
pages-dev-overlay-setup.js:77 ./app/layout.tsx:41:1
Module not found: Can't resolve './components/auth/AuthProvider'
  39 | }
  40 |
> 41 | import { AuthProvider } from './components/auth/AuthProvider'
     | ^
  42 |
  43 | export default function RootLayout({
  44 |     children,

https://nextjs.org/docs/messages/module-not-found
nextJsHandleConsoleError @ pages-dev-overlay-setup.js:77
handleErrors @ hot-reloader-pages.js:164
processMessage @ hot-reloader-pages.js:228
eval @ hot-reloader-pages.js:72
handleMessage @ websocket.js:69
pages-dev-overlay-setup.js:77 ./app/page.tsx:1:1
Module not found: Can't resolve './components/sections/NoticeBar'
> 1 | import NoticeBar from './components/sections/NoticeBar'
    | ^
  2 | import HeroSection from './components/sections/HeroSection'
  3 | import QuickActions from './components/sections/QuickActions'
  4 | import NoticeNews from './components/sections/NoticeNews'

https://nextjs.org/docs/messages/module-not-found
nextJsHandleConsoleError @ pages-dev-overlay-setup.js:77
handleErrors @ hot-reloader-pages.js:164
processMessage @ hot-reloader-pages.js:228
eval @ hot-reloader-pages.js:72
handleMessage @ websocket.js:69
pages-dev-overlay-setup.js:77 ./app/page.tsx:2:1
Module not found: Can't resolve './components/sections/HeroSection'
  1 | import NoticeBar from './components/sections/NoticeBar'
> 2 | import HeroSection from './components/sections/HeroSection'
    | ^
  3 | import QuickActions from './components/sections/QuickActions'
  4 | import NoticeNews from './components/sections/NoticeNews'
  5 | import Gallery from './components/sections/Gallery'

https://nextjs.org/docs/messages/module-not-found
nextJsHandleConsoleError @ pages-dev-overlay-setup.js:77
handleErrors @ hot-reloader-pages.js:164
processMessage @ hot-reloader-pages.js:228
eval @ hot-reloader-pages.js:72
handleMessage @ websocket.js:69
pages-dev-overlay-setup.js:77 ./app/page.tsx:3:1
Module not found: Can't resolve './components/sections/QuickActions'
  1 | import NoticeBar from './components/sections/NoticeBar'
  2 | import HeroSection from './components/sections/HeroSection'
> 3 | import QuickActions from './components/sections/QuickActions'
    | ^
  4 | import NoticeNews from './components/sections/NoticeNews'
  5 | import Gallery from './components/sections/Gallery'
  6 | import AffiliateLinks from './components/sections/AffiliateLinks'

https://nextjs.org/docs/messages/module-not-found
nextJsHandleConsoleError @ pages-dev-overlay-setup.js:77
handleErrors @ hot-reloader-pages.js:164
processMessage @ hot-reloader-pages.js:228
eval @ hot-reloader-pages.js:72
handleMessage @ websocket.js:69
pages-dev-overlay-setup.js:77 ./app/page.tsx:4:1
Module not found: Can't resolve './components/sections/NoticeNews'
  2 | import HeroSection from './components/sections/HeroSection'
  3 | import QuickActions from './components/sections/QuickActions'
> 4 | import NoticeNews from './components/sections/NoticeNews'
    | ^
  5 | import Gallery from './components/sections/Gallery'
  6 | import AffiliateLinks from './components/sections/AffiliateLinks'
  7 | import { prisma } from '@/lib/prisma'

https://nextjs.org/docs/messages/module-not-found
nextJsHandleConsoleError @ pages-dev-overlay-setup.js:77
handleErrors @ hot-reloader-pages.js:164
processMessage @ hot-reloader-pages.js:228
eval @ hot-reloader-pages.js:72
handleMessage @ websocket.js:69
pages-dev-overlay-setup.js:77 ./app/page.tsx:5:1
Module not found: Can't resolve './components/sections/Gallery'
  3 | import QuickActions from './components/sections/QuickActions'
  4 | import NoticeNews from './components/sections/NoticeNews'
> 5 | import Gallery from './components/sections/Gallery'
    | ^
  6 | import AffiliateLinks from './components/sections/AffiliateLinks'
  7 | import { prisma } from '@/lib/prisma'
  8 |

https://nextjs.org/docs/messages/module-not-found
nextJsHandleConsoleError @ pages-dev-overlay-setup.js:77
handleErrors @ hot-reloader-pages.js:164
processMessage @ hot-reloader-pages.js:228
eval @ hot-reloader-pages.js:72
handleMessage @ websocket.js:69
pages-dev-overlay-setup.js:77 ./app/page.tsx:6:1
Module not found: Can't resolve './components/sections/AffiliateLinks'
  4 | import NoticeNews from './components/sections/NoticeNews'
  5 | import Gallery from './components/sections/Gallery'
> 6 | import AffiliateLinks from './components/sections/AffiliateLinks'
    | ^
  7 | import { prisma } from '@/lib/prisma'
  8 |
  9 | export const dynamic = 'force-dynamic';

https://nextjs.org/docs/messages/module-not-found
nextJsHandleConsoleError @ pages-dev-overlay-setup.js:77
handleErrors @ hot-reloader-pages.js:164
processMessage @ hot-reloader-pages.js:228
eval @ hot-reloader-pages.js:72
handleMessage @ websocket.js:69
index.js:1631 {file: {…}}
favicon.ico:1  GET http://localhost:3000/favicon.ico 500 (Internal Server Error)
